chr1	1161	6612	+
chr1	6724	7004	+
chr1	7102	7188	+
chr1	7408	9247	+
chr1	9329	9825	+
chr1	9962	10781	+
chr1	10936	11221	+
chr1	11432	11653	+
chr1	1613327	1613883	-
chr1	1614008	1615068	-
chr1	1615173	1616667	-
chr1	1616744	1616830	-
chr1	1616964	1617614	-
chr1	1617700	1618665	-
chr1	1618768	1620420	-
chr1	1620492	1628336	-
chr1	1628452	1629078	-
chr1	1629230	1631601	-
